Input: experiments/iteration_02/inputs/input_0001.json
Status: VALID
Exit code: 0
Stdout: VALID JSON
Stderr: 
----------------------------------------------------------------------

Input: experiments/iteration_02/inputs/input_0002.json
Status: VALID
Exit code: 0
Stdout: VALID JSON
Stderr: 
----------------------------------------------------------------------

Input: experiments/iteration_02/inputs/input_0003.json
Status: VALID
Exit code: 0
Stdout: VALID JSON
Stderr: 
----------------------------------------------------------------------

Input: experiments/iteration_02/inputs/input_0004.json
Status: VALID
Exit code: 0
Stdout: VALID JSON
Stderr: 
----------------------------------------------------------------------

Input: experiments/iteration_02/inputs/input_0005.json
Status: VALID
Exit code: 0
Stdout: VALID JSON
Stderr: 
----------------------------------------------------------------------

Input: experiments/iteration_02/inputs/input_0006.json
Status: VALID
Exit code: 0
Stdout: VALID JSON
Stderr: 
----------------------------------------------------------------------

Input: experiments/iteration_02/inputs/input_0007.json
Status: VALID
Exit code: 0
Stdout: VALID JSON
Stderr: 
----------------------------------------------------------------------

Input: experiments/iteration_02/inputs/input_0008.json
Status: VALID
Exit code: 0
Stdout: VALID JSON
Stderr: 
----------------------------------------------------------------------

Input: experiments/iteration_02/inputs/input_0009.json
Status: VALID
Exit code: 0
Stdout: VALID JSON
Stderr: 
----------------------------------------------------------------------

Input: experiments/iteration_02/inputs/input_0010.json
Status: VALID
Exit code: 0
Stdout: VALID JSON
Stderr: 
----------------------------------------------------------------------

Input: experiments/iteration_02/inputs/input_0011.json
Status: VALID
Exit code: 0
Stdout: VALID JSON
Stderr: 
----------------------------------------------------------------------

Input: experiments/iteration_02/inputs/input_0012.json
Status: VALID
Exit code: 0
Stdout: VALID JSON
Stderr: 
----------------------------------------------------------------------

Input: experiments/iteration_02/inputs/input_0013.json
Status: VALID
Exit code: 0
Stdout: VALID JSON
Stderr: 
----------------------------------------------------------------------

Input: experiments/iteration_02/inputs/input_0014.json
Status: VALID
Exit code: 0
Stdout: VALID JSON
Stderr: 
----------------------------------------------------------------------

Input: experiments/iteration_02/inputs/input_0015.json
Status: VALID
Exit code: 0
Stdout: VALID JSON
Stderr: 
----------------------------------------------------------------------

Input: experiments/iteration_02/inputs/input_0016.json
Status: VALID
Exit code: 0
Stdout: VALID JSON
Stderr: 
----------------------------------------------------------------------

Input: experiments/iteration_02/inputs/input_0017.json
Status: VALID
Exit code: 0
Stdout: VALID JSON
Stderr: 
----------------------------------------------------------------------

Input: experiments/iteration_02/inputs/input_0018.json
Status: VALID
Exit code: 0
Stdout: VALID JSON
Stderr: 
----------------------------------------------------------------------

Input: experiments/iteration_02/inputs/input_0019.json
Status: INVALID
Exit code: 0
Stdout: INVALID JSON
Stderr: 
----------------------------------------------------------------------

Input: experiments/iteration_02/inputs/input_0020.json
Status: VALID
Exit code: 0
Stdout: VALID JSON
Stderr: 
----------------------------------------------------------------------

Input: experiments/iteration_02/inputs/input_0021.json
Status: VALID
Exit code: 0
Stdout: VALID JSON
Stderr: 
----------------------------------------------------------------------

Input: experiments/iteration_02/inputs/input_0022.json
Status: VALID
Exit code: 0
Stdout: VALID JSON
Stderr: 
----------------------------------------------------------------------

Input: experiments/iteration_02/inputs/input_0023.json
Status: VALID
Exit code: 0
Stdout: VALID JSON
Stderr: 
----------------------------------------------------------------------

Input: experiments/iteration_02/inputs/input_0024.json
Status: VALID
Exit code: 0
Stdout: VALID JSON
Stderr: 
----------------------------------------------------------------------

Input: experiments/iteration_02/inputs/input_0025.json
Status: VALID
Exit code: 0
Stdout: VALID JSON
Stderr: 
----------------------------------------------------------------------

Input: experiments/iteration_02/inputs/input_0026.json
Status: VALID
Exit code: 0
Stdout: VALID JSON
Stderr: 
----------------------------------------------------------------------

Input: experiments/iteration_02/inputs/input_0027.json
Status: VALID
Exit code: 0
Stdout: VALID JSON
Stderr: 
----------------------------------------------------------------------

Input: experiments/iteration_02/inputs/input_0028.json
Status: VALID
Exit code: 0
Stdout: VALID JSON
Stderr: 
----------------------------------------------------------------------

Input: experiments/iteration_02/inputs/input_0029.json
Status: VALID
Exit code: 0
Stdout: VALID JSON
Stderr: 
----------------------------------------------------------------------

Input: experiments/iteration_02/inputs/input_0030.json
Status: VALID
Exit code: 0
Stdout: VALID JSON
Stderr: 
----------------------------------------------------------------------

Input: experiments/iteration_02/inputs/input_0031.json
Status: VALID
Exit code: 0
Stdout: VALID JSON
Stderr: 
----------------------------------------------------------------------

Input: experiments/iteration_02/inputs/input_0032.json
Status: VALID
Exit code: 0
Stdout: VALID JSON
Stderr: 
----------------------------------------------------------------------

Input: experiments/iteration_02/inputs/input_0033.json
Status: VALID
Exit code: 0
Stdout: VALID JSON
Stderr: 
----------------------------------------------------------------------

Input: experiments/iteration_02/inputs/input_0034.json
Status: VALID
Exit code: 0
Stdout: VALID JSON
Stderr: 
----------------------------------------------------------------------

Input: experiments/iteration_02/inputs/input_0035.json
Status: VALID
Exit code: 0
Stdout: VALID JSON
Stderr: 
----------------------------------------------------------------------

Input: experiments/iteration_02/inputs/input_0036.json
Status: VALID
Exit code: 0
Stdout: VALID JSON
Stderr: 
----------------------------------------------------------------------

Input: experiments/iteration_02/inputs/input_0037.json
Status: VALID
Exit code: 0
Stdout: VALID JSON
Stderr: 
----------------------------------------------------------------------

Input: experiments/iteration_02/inputs/input_0038.json
Status: VALID
Exit code: 0
Stdout: VALID JSON
Stderr: 
----------------------------------------------------------------------

Input: experiments/iteration_02/inputs/input_0039.json
Status: VALID
Exit code: 0
Stdout: VALID JSON
Stderr: 
----------------------------------------------------------------------

Input: experiments/iteration_02/inputs/input_0040.json
Status: VALID
Exit code: 0
Stdout: VALID JSON
Stderr: 
----------------------------------------------------------------------

Input: experiments/iteration_02/inputs/input_0041.json
Status: VALID
Exit code: 0
Stdout: VALID JSON
Stderr: 
----------------------------------------------------------------------

Input: experiments/iteration_02/inputs/input_0042.json
Status: VALID
Exit code: 0
Stdout: VALID JSON
Stderr: 
----------------------------------------------------------------------

Input: experiments/iteration_02/inputs/input_0043.json
Status: VALID
Exit code: 0
Stdout: VALID JSON
Stderr: 
----------------------------------------------------------------------

Input: experiments/iteration_02/inputs/input_0044.json
Status: VALID
Exit code: 0
Stdout: VALID JSON
Stderr: 
----------------------------------------------------------------------

Input: experiments/iteration_02/inputs/input_0045.json
Status: VALID
Exit code: 0
Stdout: VALID JSON
Stderr: 
----------------------------------------------------------------------

Input: experiments/iteration_02/inputs/input_0046.json
Status: VALID
Exit code: 0
Stdout: VALID JSON
Stderr: 
----------------------------------------------------------------------

Input: experiments/iteration_02/inputs/input_0047.json
Status: VALID
Exit code: 0
Stdout: VALID JSON
Stderr: 
----------------------------------------------------------------------

Input: experiments/iteration_02/inputs/input_0048.json
Status: VALID
Exit code: 0
Stdout: VALID JSON
Stderr: 
----------------------------------------------------------------------

Input: experiments/iteration_02/inputs/input_0049.json
Status: VALID
Exit code: 0
Stdout: VALID JSON
Stderr: 
----------------------------------------------------------------------

Input: experiments/iteration_02/inputs/input_0050.json
Status: INVALID
Exit code: 0
Stdout: INVALID JSON
Stderr: 
----------------------------------------------------------------------

Input: experiments/iteration_02/inputs/input_0051.json
Status: VALID
Exit code: 0
Stdout: VALID JSON
Stderr: 
----------------------------------------------------------------------

Input: experiments/iteration_02/inputs/input_0052.json
Status: VALID
Exit code: 0
Stdout: VALID JSON
Stderr: 
----------------------------------------------------------------------

Input: experiments/iteration_02/inputs/input_0053.json
Status: VALID
Exit code: 0
Stdout: VALID JSON
Stderr: 
----------------------------------------------------------------------

Input: experiments/iteration_02/inputs/input_0054.json
Status: VALID
Exit code: 0
Stdout: VALID JSON
Stderr: 
----------------------------------------------------------------------

Input: experiments/iteration_02/inputs/input_0055.json
Status: VALID
Exit code: 0
Stdout: VALID JSON
Stderr: 
----------------------------------------------------------------------

Input: experiments/iteration_02/inputs/input_0056.json
Status: VALID
Exit code: 0
Stdout: VALID JSON
Stderr: 
----------------------------------------------------------------------

Input: experiments/iteration_02/inputs/input_0057.json
Status: VALID
Exit code: 0
Stdout: VALID JSON
Stderr: 
----------------------------------------------------------------------

Input: experiments/iteration_02/inputs/input_0058.json
Status: VALID
Exit code: 0
Stdout: VALID JSON
Stderr: 
----------------------------------------------------------------------

Input: experiments/iteration_02/inputs/input_0059.json
Status: VALID
Exit code: 0
Stdout: VALID JSON
Stderr: 
----------------------------------------------------------------------

Input: experiments/iteration_02/inputs/input_0060.json
Status: VALID
Exit code: 0
Stdout: VALID JSON
Stderr: 
----------------------------------------------------------------------

Input: experiments/iteration_02/inputs/input_0061.json
Status: VALID
Exit code: 0
Stdout: VALID JSON
Stderr: 
----------------------------------------------------------------------

Input: experiments/iteration_02/inputs/input_0062.json
Status: VALID
Exit code: 0
Stdout: VALID JSON
Stderr: 
----------------------------------------------------------------------

Input: experiments/iteration_02/inputs/input_0063.json
Status: VALID
Exit code: 0
Stdout: VALID JSON
Stderr: 
----------------------------------------------------------------------

Input: experiments/iteration_02/inputs/input_0064.json
Status: VALID
Exit code: 0
Stdout: VALID JSON
Stderr: 
----------------------------------------------------------------------

Input: experiments/iteration_02/inputs/input_0065.json
Status: VALID
Exit code: 0
Stdout: VALID JSON
Stderr: 
----------------------------------------------------------------------

Input: experiments/iteration_02/inputs/input_0066.json
Status: VALID
Exit code: 0
Stdout: VALID JSON
Stderr: 
----------------------------------------------------------------------

Input: experiments/iteration_02/inputs/input_0067.json
Status: VALID
Exit code: 0
Stdout: VALID JSON
Stderr: 
----------------------------------------------------------------------

Input: experiments/iteration_02/inputs/input_0068.json
Status: VALID
Exit code: 0
Stdout: VALID JSON
Stderr: 
----------------------------------------------------------------------

Input: experiments/iteration_02/inputs/input_0069.json
Status: VALID
Exit code: 0
Stdout: VALID JSON
Stderr: 
----------------------------------------------------------------------

Input: experiments/iteration_02/inputs/input_0070.json
Status: INVALID
Exit code: 0
Stdout: INVALID JSON
Stderr: 
----------------------------------------------------------------------

Input: experiments/iteration_02/inputs/input_0071.json
Status: VALID
Exit code: 0
Stdout: VALID JSON
Stderr: 
----------------------------------------------------------------------

Input: experiments/iteration_02/inputs/input_0072.json
Status: VALID
Exit code: 0
Stdout: VALID JSON
Stderr: 
----------------------------------------------------------------------

Input: experiments/iteration_02/inputs/input_0073.json
Status: VALID
Exit code: 0
Stdout: VALID JSON
Stderr: 
----------------------------------------------------------------------

Input: experiments/iteration_02/inputs/input_0074.json
Status: VALID
Exit code: 0
Stdout: VALID JSON
Stderr: 
----------------------------------------------------------------------

Input: experiments/iteration_02/inputs/input_0075.json
Status: VALID
Exit code: 0
Stdout: VALID JSON
Stderr: 
----------------------------------------------------------------------

Input: experiments/iteration_02/inputs/input_0076.json
Status: VALID
Exit code: 0
Stdout: VALID JSON
Stderr: 
----------------------------------------------------------------------

Input: experiments/iteration_02/inputs/input_0077.json
Status: VALID
Exit code: 0
Stdout: VALID JSON
Stderr: 
----------------------------------------------------------------------

Input: experiments/iteration_02/inputs/input_0078.json
Status: VALID
Exit code: 0
Stdout: VALID JSON
Stderr: 
----------------------------------------------------------------------

Input: experiments/iteration_02/inputs/input_0079.json
Status: VALID
Exit code: 0
Stdout: VALID JSON
Stderr: 
----------------------------------------------------------------------

Input: experiments/iteration_02/inputs/input_0080.json
Status: VALID
Exit code: 0
Stdout: VALID JSON
Stderr: 
----------------------------------------------------------------------

Input: experiments/iteration_02/inputs/input_0081.json
Status: VALID
Exit code: 0
Stdout: VALID JSON
Stderr: 
----------------------------------------------------------------------

Input: experiments/iteration_02/inputs/input_0082.json
Status: VALID
Exit code: 0
Stdout: VALID JSON
Stderr: 
----------------------------------------------------------------------

Input: experiments/iteration_02/inputs/input_0083.json
Status: INVALID
Exit code: 0
Stdout: INVALID JSON
Stderr: 
----------------------------------------------------------------------

Input: experiments/iteration_02/inputs/input_0084.json
Status: VALID
Exit code: 0
Stdout: VALID JSON
Stderr: 
----------------------------------------------------------------------

Input: experiments/iteration_02/inputs/input_0085.json
Status: VALID
Exit code: 0
Stdout: VALID JSON
Stderr: 
----------------------------------------------------------------------

Input: experiments/iteration_02/inputs/input_0086.json
Status: VALID
Exit code: 0
Stdout: VALID JSON
Stderr: 
----------------------------------------------------------------------

Input: experiments/iteration_02/inputs/input_0087.json
Status: VALID
Exit code: 0
Stdout: VALID JSON
Stderr: 
----------------------------------------------------------------------

Input: experiments/iteration_02/inputs/input_0088.json
Status: VALID
Exit code: 0
Stdout: VALID JSON
Stderr: 
----------------------------------------------------------------------

Input: experiments/iteration_02/inputs/input_0089.json
Status: VALID
Exit code: 0
Stdout: VALID JSON
Stderr: 
----------------------------------------------------------------------

Input: experiments/iteration_02/inputs/input_0090.json
Status: VALID
Exit code: 0
Stdout: VALID JSON
Stderr: 
----------------------------------------------------------------------

Input: experiments/iteration_02/inputs/input_0091.json
Status: VALID
Exit code: 0
Stdout: VALID JSON
Stderr: 
----------------------------------------------------------------------

Input: experiments/iteration_02/inputs/input_0092.json
Status: VALID
Exit code: 0
Stdout: VALID JSON
Stderr: 
----------------------------------------------------------------------

Input: experiments/iteration_02/inputs/input_0093.json
Status: VALID
Exit code: 0
Stdout: VALID JSON
Stderr: 
----------------------------------------------------------------------

Input: experiments/iteration_02/inputs/input_0094.json
Status: VALID
Exit code: 0
Stdout: VALID JSON
Stderr: 
----------------------------------------------------------------------

Input: experiments/iteration_02/inputs/input_0095.json
Status: VALID
Exit code: 0
Stdout: VALID JSON
Stderr: 
----------------------------------------------------------------------

Input: experiments/iteration_02/inputs/input_0096.json
Status: VALID
Exit code: 0
Stdout: VALID JSON
Stderr: 
----------------------------------------------------------------------

Input: experiments/iteration_02/inputs/input_0097.json
Status: VALID
Exit code: 0
Stdout: VALID JSON
Stderr: 
----------------------------------------------------------------------

Input: experiments/iteration_02/inputs/input_0098.json
Status: VALID
Exit code: 0
Stdout: VALID JSON
Stderr: 
----------------------------------------------------------------------

Input: experiments/iteration_02/inputs/input_0099.json
Status: VALID
Exit code: 0
Stdout: VALID JSON
Stderr: 
----------------------------------------------------------------------

Input: experiments/iteration_02/inputs/input_0100.json
Status: INVALID
Exit code: 0
Stdout: INVALID JSON
Stderr: 
----------------------------------------------------------------------

Input: experiments/iteration_02/inputs/input_0101.json
Status: INVALID
Exit code: 0
Stdout: INVALID JSON
Stderr: 
----------------------------------------------------------------------

Input: experiments/iteration_02/inputs/input_0102.json
Status: VALID
Exit code: 0
Stdout: VALID JSON
Stderr: 
----------------------------------------------------------------------

Input: experiments/iteration_02/inputs/input_0103.json
Status: VALID
Exit code: 0
Stdout: VALID JSON
Stderr: 
----------------------------------------------------------------------

Input: experiments/iteration_02/inputs/input_0104.json
Status: VALID
Exit code: 0
Stdout: VALID JSON
Stderr: 
----------------------------------------------------------------------

Input: experiments/iteration_02/inputs/input_0105.json
Status: VALID
Exit code: 0
Stdout: VALID JSON
Stderr: 
----------------------------------------------------------------------

Input: experiments/iteration_02/inputs/input_0106.json
Status: VALID
Exit code: 0
Stdout: VALID JSON
Stderr: 
----------------------------------------------------------------------

Input: experiments/iteration_02/inputs/input_0107.json
Status: VALID
Exit code: 0
Stdout: VALID JSON
Stderr: 
----------------------------------------------------------------------

Input: experiments/iteration_02/inputs/input_0108.json
Status: VALID
Exit code: 0
Stdout: VALID JSON
Stderr: 
----------------------------------------------------------------------

Input: experiments/iteration_02/inputs/input_0109.json
Status: VALID
Exit code: 0
Stdout: VALID JSON
Stderr: 
----------------------------------------------------------------------

Input: experiments/iteration_02/inputs/input_0110.json
Status: VALID
Exit code: 0
Stdout: VALID JSON
Stderr: 
----------------------------------------------------------------------

Input: experiments/iteration_02/inputs/input_0111.json
Status: VALID
Exit code: 0
Stdout: VALID JSON
Stderr: 
----------------------------------------------------------------------

Input: experiments/iteration_02/inputs/input_0112.json
Status: INVALID
Exit code: 0
Stdout: INVALID JSON
Stderr: 
----------------------------------------------------------------------

Input: experiments/iteration_02/inputs/input_0113.json
Status: VALID
Exit code: 0
Stdout: VALID JSON
Stderr: 
----------------------------------------------------------------------

Input: experiments/iteration_02/inputs/input_0114.json
Status: VALID
Exit code: 0
Stdout: VALID JSON
Stderr: 
----------------------------------------------------------------------

Input: experiments/iteration_02/inputs/input_0115.json
Status: VALID
Exit code: 0
Stdout: VALID JSON
Stderr: 
----------------------------------------------------------------------

Input: experiments/iteration_02/inputs/input_0116.json
Status: VALID
Exit code: 0
Stdout: VALID JSON
Stderr: 
----------------------------------------------------------------------

Input: experiments/iteration_02/inputs/input_0117.json
Status: VALID
Exit code: 0
Stdout: VALID JSON
Stderr: 
----------------------------------------------------------------------

Input: experiments/iteration_02/inputs/input_0118.json
Status: VALID
Exit code: 0
Stdout: VALID JSON
Stderr: 
----------------------------------------------------------------------

Input: experiments/iteration_02/inputs/input_0119.json
Status: VALID
Exit code: 0
Stdout: VALID JSON
Stderr: 
----------------------------------------------------------------------

Input: experiments/iteration_02/inputs/input_0120.json
Status: VALID
Exit code: 0
Stdout: VALID JSON
Stderr: 
----------------------------------------------------------------------

Input: experiments/iteration_02/inputs/input_0121.json
Status: VALID
Exit code: 0
Stdout: VALID JSON
Stderr: 
----------------------------------------------------------------------

Input: experiments/iteration_02/inputs/input_0122.json
Status: VALID
Exit code: 0
Stdout: VALID JSON
Stderr: 
----------------------------------------------------------------------

Input: experiments/iteration_02/inputs/input_0123.json
Status: VALID
Exit code: 0
Stdout: VALID JSON
Stderr: 
----------------------------------------------------------------------

Input: experiments/iteration_02/inputs/input_0124.json
Status: VALID
Exit code: 0
Stdout: VALID JSON
Stderr: 
----------------------------------------------------------------------

Input: experiments/iteration_02/inputs/input_0125.json
Status: VALID
Exit code: 0
Stdout: VALID JSON
Stderr: 
----------------------------------------------------------------------

Input: experiments/iteration_02/inputs/input_0126.json
Status: VALID
Exit code: 0
Stdout: VALID JSON
Stderr: 
----------------------------------------------------------------------

Input: experiments/iteration_02/inputs/input_0127.json
Status: VALID
Exit code: 0
Stdout: VALID JSON
Stderr: 
----------------------------------------------------------------------

Input: experiments/iteration_02/inputs/input_0128.json
Status: VALID
Exit code: 0
Stdout: VALID JSON
Stderr: 
----------------------------------------------------------------------

Input: experiments/iteration_02/inputs/input_0129.json
Status: VALID
Exit code: 0
Stdout: VALID JSON
Stderr: 
----------------------------------------------------------------------

Input: experiments/iteration_02/inputs/input_0130.json
Status: VALID
Exit code: 0
Stdout: VALID JSON
Stderr: 
----------------------------------------------------------------------

Input: experiments/iteration_02/inputs/input_0131.json
Status: VALID
Exit code: 0
Stdout: VALID JSON
Stderr: 
----------------------------------------------------------------------

Input: experiments/iteration_02/inputs/input_0132.json
Status: VALID
Exit code: 0
Stdout: VALID JSON
Stderr: 
----------------------------------------------------------------------

Input: experiments/iteration_02/inputs/input_0133.json
Status: VALID
Exit code: 0
Stdout: VALID JSON
Stderr: 
----------------------------------------------------------------------

Input: experiments/iteration_02/inputs/input_0134.json
Status: VALID
Exit code: 0
Stdout: VALID JSON
Stderr: 
----------------------------------------------------------------------

Input: experiments/iteration_02/inputs/input_0135.json
Status: VALID
Exit code: 0
Stdout: VALID JSON
Stderr: 
----------------------------------------------------------------------

Input: experiments/iteration_02/inputs/input_0136.json
Status: VALID
Exit code: 0
Stdout: VALID JSON
Stderr: 
----------------------------------------------------------------------

Input: experiments/iteration_02/inputs/input_0137.json
Status: VALID
Exit code: 0
Stdout: VALID JSON
Stderr: 
----------------------------------------------------------------------

Input: experiments/iteration_02/inputs/input_0138.json
Status: VALID
Exit code: 0
Stdout: VALID JSON
Stderr: 
----------------------------------------------------------------------

Input: experiments/iteration_02/inputs/input_0139.json
Status: VALID
Exit code: 0
Stdout: VALID JSON
Stderr: 
----------------------------------------------------------------------

Input: experiments/iteration_02/inputs/input_0140.json
Status: VALID
Exit code: 0
Stdout: VALID JSON
Stderr: 
----------------------------------------------------------------------

Input: experiments/iteration_02/inputs/input_0141.json
Status: VALID
Exit code: 0
Stdout: VALID JSON
Stderr: 
----------------------------------------------------------------------

Input: experiments/iteration_02/inputs/input_0142.json
Status: VALID
Exit code: 0
Stdout: VALID JSON
Stderr: 
----------------------------------------------------------------------

Input: experiments/iteration_02/inputs/input_0143.json
Status: VALID
Exit code: 0
Stdout: VALID JSON
Stderr: 
----------------------------------------------------------------------

Input: experiments/iteration_02/inputs/input_0144.json
Status: VALID
Exit code: 0
Stdout: VALID JSON
Stderr: 
----------------------------------------------------------------------

Input: experiments/iteration_02/inputs/input_0145.json
Status: VALID
Exit code: 0
Stdout: VALID JSON
Stderr: 
----------------------------------------------------------------------

Input: experiments/iteration_02/inputs/input_0146.json
Status: VALID
Exit code: 0
Stdout: VALID JSON
Stderr: 
----------------------------------------------------------------------

Input: experiments/iteration_02/inputs/input_0147.json
Status: VALID
Exit code: 0
Stdout: VALID JSON
Stderr: 
----------------------------------------------------------------------

Input: experiments/iteration_02/inputs/input_0148.json
Status: VALID
Exit code: 0
Stdout: VALID JSON
Stderr: 
----------------------------------------------------------------------

Input: experiments/iteration_02/inputs/input_0149.json
Status: VALID
Exit code: 0
Stdout: VALID JSON
Stderr: 
----------------------------------------------------------------------

Input: experiments/iteration_02/inputs/input_0150.json
Status: VALID
Exit code: 0
Stdout: VALID JSON
Stderr: 
----------------------------------------------------------------------

Input: experiments/iteration_02/inputs/input_0151.json
Status: INVALID
Exit code: 0
Stdout: INVALID JSON
Stderr: 
----------------------------------------------------------------------

Input: experiments/iteration_02/inputs/input_0152.json
Status: VALID
Exit code: 0
Stdout: VALID JSON
Stderr: 
----------------------------------------------------------------------

Input: experiments/iteration_02/inputs/input_0153.json
Status: VALID
Exit code: 0
Stdout: VALID JSON
Stderr: 
----------------------------------------------------------------------

Input: experiments/iteration_02/inputs/input_0154.json
Status: VALID
Exit code: 0
Stdout: VALID JSON
Stderr: 
----------------------------------------------------------------------

Input: experiments/iteration_02/inputs/input_0155.json
Status: VALID
Exit code: 0
Stdout: VALID JSON
Stderr: 
----------------------------------------------------------------------

Input: experiments/iteration_02/inputs/input_0156.json
Status: VALID
Exit code: 0
Stdout: VALID JSON
Stderr: 
----------------------------------------------------------------------

Input: experiments/iteration_02/inputs/input_0157.json
Status: VALID
Exit code: 0
Stdout: VALID JSON
Stderr: 
----------------------------------------------------------------------

Input: experiments/iteration_02/inputs/input_0158.json
Status: VALID
Exit code: 0
Stdout: VALID JSON
Stderr: 
----------------------------------------------------------------------

Input: experiments/iteration_02/inputs/input_0159.json
Status: VALID
Exit code: 0
Stdout: VALID JSON
Stderr: 
----------------------------------------------------------------------

Input: experiments/iteration_02/inputs/input_0160.json
Status: VALID
Exit code: 0
Stdout: VALID JSON
Stderr: 
----------------------------------------------------------------------

Input: experiments/iteration_02/inputs/input_0161.json
Status: VALID
Exit code: 0
Stdout: VALID JSON
Stderr: 
----------------------------------------------------------------------

Input: experiments/iteration_02/inputs/input_0162.json
Status: VALID
Exit code: 0
Stdout: VALID JSON
Stderr: 
----------------------------------------------------------------------

Input: experiments/iteration_02/inputs/input_0163.json
Status: VALID
Exit code: 0
Stdout: VALID JSON
Stderr: 
----------------------------------------------------------------------

Input: experiments/iteration_02/inputs/input_0164.json
Status: VALID
Exit code: 0
Stdout: VALID JSON
Stderr: 
----------------------------------------------------------------------

Input: experiments/iteration_02/inputs/input_0165.json
Status: VALID
Exit code: 0
Stdout: VALID JSON
Stderr: 
----------------------------------------------------------------------

Input: experiments/iteration_02/inputs/input_0166.json
Status: VALID
Exit code: 0
Stdout: VALID JSON
Stderr: 
----------------------------------------------------------------------

Input: experiments/iteration_02/inputs/input_0167.json
Status: VALID
Exit code: 0
Stdout: VALID JSON
Stderr: 
----------------------------------------------------------------------

Input: experiments/iteration_02/inputs/input_0168.json
Status: VALID
Exit code: 0
Stdout: VALID JSON
Stderr: 
----------------------------------------------------------------------

Input: experiments/iteration_02/inputs/input_0169.json
Status: VALID
Exit code: 0
Stdout: VALID JSON
Stderr: 
----------------------------------------------------------------------

Input: experiments/iteration_02/inputs/input_0170.json
Status: VALID
Exit code: 0
Stdout: VALID JSON
Stderr: 
----------------------------------------------------------------------

Input: experiments/iteration_02/inputs/input_0171.json
Status: VALID
Exit code: 0
Stdout: VALID JSON
Stderr: 
----------------------------------------------------------------------

Input: experiments/iteration_02/inputs/input_0172.json
Status: VALID
Exit code: 0
Stdout: VALID JSON
Stderr: 
----------------------------------------------------------------------

Input: experiments/iteration_02/inputs/input_0173.json
Status: VALID
Exit code: 0
Stdout: VALID JSON
Stderr: 
----------------------------------------------------------------------

Input: experiments/iteration_02/inputs/input_0174.json
Status: VALID
Exit code: 0
Stdout: VALID JSON
Stderr: 
----------------------------------------------------------------------

Input: experiments/iteration_02/inputs/input_0175.json
Status: VALID
Exit code: 0
Stdout: VALID JSON
Stderr: 
----------------------------------------------------------------------

Input: experiments/iteration_02/inputs/input_0176.json
Status: VALID
Exit code: 0
Stdout: VALID JSON
Stderr: 
----------------------------------------------------------------------

Input: experiments/iteration_02/inputs/input_0177.json
Status: VALID
Exit code: 0
Stdout: VALID JSON
Stderr: 
----------------------------------------------------------------------

Input: experiments/iteration_02/inputs/input_0178.json
Status: VALID
Exit code: 0
Stdout: VALID JSON
Stderr: 
----------------------------------------------------------------------

Input: experiments/iteration_02/inputs/input_0179.json
Status: VALID
Exit code: 0
Stdout: VALID JSON
Stderr: 
----------------------------------------------------------------------

Input: experiments/iteration_02/inputs/input_0180.json
Status: VALID
Exit code: 0
Stdout: VALID JSON
Stderr: 
----------------------------------------------------------------------

Input: experiments/iteration_02/inputs/input_0181.json
Status: VALID
Exit code: 0
Stdout: VALID JSON
Stderr: 
----------------------------------------------------------------------

Input: experiments/iteration_02/inputs/input_0182.json
Status: VALID
Exit code: 0
Stdout: VALID JSON
Stderr: 
----------------------------------------------------------------------

Input: experiments/iteration_02/inputs/input_0183.json
Status: VALID
Exit code: 0
Stdout: VALID JSON
Stderr: 
----------------------------------------------------------------------

Input: experiments/iteration_02/inputs/input_0184.json
Status: VALID
Exit code: 0
Stdout: VALID JSON
Stderr: 
----------------------------------------------------------------------

Input: experiments/iteration_02/inputs/input_0185.json
Status: VALID
Exit code: 0
Stdout: VALID JSON
Stderr: 
----------------------------------------------------------------------

Input: experiments/iteration_02/inputs/input_0186.json
Status: VALID
Exit code: 0
Stdout: VALID JSON
Stderr: 
----------------------------------------------------------------------

Input: experiments/iteration_02/inputs/input_0187.json
Status: VALID
Exit code: 0
Stdout: VALID JSON
Stderr: 
----------------------------------------------------------------------

Input: experiments/iteration_02/inputs/input_0188.json
Status: VALID
Exit code: 0
Stdout: VALID JSON
Stderr: 
----------------------------------------------------------------------

Input: experiments/iteration_02/inputs/input_0189.json
Status: VALID
Exit code: 0
Stdout: VALID JSON
Stderr: 
----------------------------------------------------------------------

Input: experiments/iteration_02/inputs/input_0190.json
Status: VALID
Exit code: 0
Stdout: VALID JSON
Stderr: 
----------------------------------------------------------------------

Input: experiments/iteration_02/inputs/input_0191.json
Status: VALID
Exit code: 0
Stdout: VALID JSON
Stderr: 
----------------------------------------------------------------------

Input: experiments/iteration_02/inputs/input_0192.json
Status: VALID
Exit code: 0
Stdout: VALID JSON
Stderr: 
----------------------------------------------------------------------

Input: experiments/iteration_02/inputs/input_0193.json
Status: VALID
Exit code: 0
Stdout: VALID JSON
Stderr: 
----------------------------------------------------------------------

Input: experiments/iteration_02/inputs/input_0194.json
Status: VALID
Exit code: 0
Stdout: VALID JSON
Stderr: 
----------------------------------------------------------------------

Input: experiments/iteration_02/inputs/input_0195.json
Status: INVALID
Exit code: 0
Stdout: INVALID JSON
Stderr: 
----------------------------------------------------------------------

Input: experiments/iteration_02/inputs/input_0196.json
Status: VALID
Exit code: 0
Stdout: VALID JSON
Stderr: 
----------------------------------------------------------------------

Input: experiments/iteration_02/inputs/input_0197.json
Status: VALID
Exit code: 0
Stdout: VALID JSON
Stderr: 
----------------------------------------------------------------------

Input: experiments/iteration_02/inputs/input_0198.json
Status: VALID
Exit code: 0
Stdout: VALID JSON
Stderr: 
----------------------------------------------------------------------

Input: experiments/iteration_02/inputs/input_0199.json
Status: VALID
Exit code: 0
Stdout: VALID JSON
Stderr: 
----------------------------------------------------------------------

Input: experiments/iteration_02/inputs/input_0200.json
Status: VALID
Exit code: 0
Stdout: VALID JSON
Stderr: 
----------------------------------------------------------------------

Input: experiments/iteration_02/inputs/input_0201.json
Status: VALID
Exit code: 0
Stdout: VALID JSON
Stderr: 
----------------------------------------------------------------------

Input: experiments/iteration_02/inputs/input_0202.json
Status: VALID
Exit code: 0
Stdout: VALID JSON
Stderr: 
----------------------------------------------------------------------

Input: experiments/iteration_02/inputs/input_0203.json
Status: VALID
Exit code: 0
Stdout: VALID JSON
Stderr: 
----------------------------------------------------------------------

Input: experiments/iteration_02/inputs/input_0204.json
Status: VALID
Exit code: 0
Stdout: VALID JSON
Stderr: 
----------------------------------------------------------------------

Input: experiments/iteration_02/inputs/input_0205.json
Status: VALID
Exit code: 0
Stdout: VALID JSON
Stderr: 
----------------------------------------------------------------------

Input: experiments/iteration_02/inputs/input_0206.json
Status: VALID
Exit code: 0
Stdout: VALID JSON
Stderr: 
----------------------------------------------------------------------

Input: experiments/iteration_02/inputs/input_0207.json
Status: VALID
Exit code: 0
Stdout: VALID JSON
Stderr: 
----------------------------------------------------------------------

Input: experiments/iteration_02/inputs/input_0208.json
Status: VALID
Exit code: 0
Stdout: VALID JSON
Stderr: 
----------------------------------------------------------------------

Input: experiments/iteration_02/inputs/input_0209.json
Status: VALID
Exit code: 0
Stdout: VALID JSON
Stderr: 
----------------------------------------------------------------------

Input: experiments/iteration_02/inputs/input_0210.json
Status: VALID
Exit code: 0
Stdout: VALID JSON
Stderr: 
----------------------------------------------------------------------

Input: experiments/iteration_02/inputs/input_0211.json
Status: VALID
Exit code: 0
Stdout: VALID JSON
Stderr: 
----------------------------------------------------------------------

Input: experiments/iteration_02/inputs/input_0212.json
Status: VALID
Exit code: 0
Stdout: VALID JSON
Stderr: 
----------------------------------------------------------------------

Input: experiments/iteration_02/inputs/input_0213.json
Status: VALID
Exit code: 0
Stdout: VALID JSON
Stderr: 
----------------------------------------------------------------------

Input: experiments/iteration_02/inputs/input_0214.json
Status: VALID
Exit code: 0
Stdout: VALID JSON
Stderr: 
----------------------------------------------------------------------

Input: experiments/iteration_02/inputs/input_0215.json
Status: VALID
Exit code: 0
Stdout: VALID JSON
Stderr: 
----------------------------------------------------------------------

Input: experiments/iteration_02/inputs/input_0216.json
Status: INVALID
Exit code: 0
Stdout: INVALID JSON
Stderr: 
----------------------------------------------------------------------

Input: experiments/iteration_02/inputs/input_0217.json
Status: VALID
Exit code: 0
Stdout: VALID JSON
Stderr: 
----------------------------------------------------------------------

Input: experiments/iteration_02/inputs/input_0218.json
Status: VALID
Exit code: 0
Stdout: VALID JSON
Stderr: 
----------------------------------------------------------------------

Input: experiments/iteration_02/inputs/input_0219.json
Status: VALID
Exit code: 0
Stdout: VALID JSON
Stderr: 
----------------------------------------------------------------------

Input: experiments/iteration_02/inputs/input_0220.json
Status: VALID
Exit code: 0
Stdout: VALID JSON
Stderr: 
----------------------------------------------------------------------

Input: experiments/iteration_02/inputs/input_0221.json
Status: VALID
Exit code: 0
Stdout: VALID JSON
Stderr: 
----------------------------------------------------------------------

Input: experiments/iteration_02/inputs/input_0222.json
Status: VALID
Exit code: 0
Stdout: VALID JSON
Stderr: 
----------------------------------------------------------------------

Input: experiments/iteration_02/inputs/input_0223.json
Status: INVALID
Exit code: 0
Stdout: INVALID JSON
Stderr: 
----------------------------------------------------------------------

Input: experiments/iteration_02/inputs/input_0224.json
Status: VALID
Exit code: 0
Stdout: VALID JSON
Stderr: 
----------------------------------------------------------------------

Input: experiments/iteration_02/inputs/input_0225.json
Status: VALID
Exit code: 0
Stdout: VALID JSON
Stderr: 
----------------------------------------------------------------------

Input: experiments/iteration_02/inputs/input_0226.json
Status: VALID
Exit code: 0
Stdout: VALID JSON
Stderr: 
----------------------------------------------------------------------

Input: experiments/iteration_02/inputs/input_0227.json
Status: VALID
Exit code: 0
Stdout: VALID JSON
Stderr: 
----------------------------------------------------------------------

Input: experiments/iteration_02/inputs/input_0228.json
Status: VALID
Exit code: 0
Stdout: VALID JSON
Stderr: 
----------------------------------------------------------------------

Input: experiments/iteration_02/inputs/input_0229.json
Status: VALID
Exit code: 0
Stdout: VALID JSON
Stderr: 
----------------------------------------------------------------------

Input: experiments/iteration_02/inputs/input_0230.json
Status: VALID
Exit code: 0
Stdout: VALID JSON
Stderr: 
----------------------------------------------------------------------

Input: experiments/iteration_02/inputs/input_0231.json
Status: VALID
Exit code: 0
Stdout: VALID JSON
Stderr: 
----------------------------------------------------------------------

Input: experiments/iteration_02/inputs/input_0232.json
Status: VALID
Exit code: 0
Stdout: VALID JSON
Stderr: 
----------------------------------------------------------------------

Input: experiments/iteration_02/inputs/input_0233.json
Status: VALID
Exit code: 0
Stdout: VALID JSON
Stderr: 
----------------------------------------------------------------------

Input: experiments/iteration_02/inputs/input_0234.json
Status: VALID
Exit code: 0
Stdout: VALID JSON
Stderr: 
----------------------------------------------------------------------

Input: experiments/iteration_02/inputs/input_0235.json
Status: VALID
Exit code: 0
Stdout: VALID JSON
Stderr: 
----------------------------------------------------------------------

Input: experiments/iteration_02/inputs/input_0236.json
Status: VALID
Exit code: 0
Stdout: VALID JSON
Stderr: 
----------------------------------------------------------------------

Input: experiments/iteration_02/inputs/input_0237.json
Status: VALID
Exit code: 0
Stdout: VALID JSON
Stderr: 
----------------------------------------------------------------------

Input: experiments/iteration_02/inputs/input_0238.json
Status: VALID
Exit code: 0
Stdout: VALID JSON
Stderr: 
----------------------------------------------------------------------

Input: experiments/iteration_02/inputs/input_0239.json
Status: VALID
Exit code: 0
Stdout: VALID JSON
Stderr: 
----------------------------------------------------------------------

Input: experiments/iteration_02/inputs/input_0240.json
Status: VALID
Exit code: 0
Stdout: VALID JSON
Stderr: 
----------------------------------------------------------------------

Input: experiments/iteration_02/inputs/input_0241.json
Status: VALID
Exit code: 0
Stdout: VALID JSON
Stderr: 
----------------------------------------------------------------------

Input: experiments/iteration_02/inputs/input_0242.json
Status: VALID
Exit code: 0
Stdout: VALID JSON
Stderr: 
----------------------------------------------------------------------

Input: experiments/iteration_02/inputs/input_0243.json
Status: VALID
Exit code: 0
Stdout: VALID JSON
Stderr: 
----------------------------------------------------------------------

Input: experiments/iteration_02/inputs/input_0244.json
Status: VALID
Exit code: 0
Stdout: VALID JSON
Stderr: 
----------------------------------------------------------------------

Input: experiments/iteration_02/inputs/input_0245.json
Status: VALID
Exit code: 0
Stdout: VALID JSON
Stderr: 
----------------------------------------------------------------------

Input: experiments/iteration_02/inputs/input_0246.json
Status: VALID
Exit code: 0
Stdout: VALID JSON
Stderr: 
----------------------------------------------------------------------

Input: experiments/iteration_02/inputs/input_0247.json
Status: VALID
Exit code: 0
Stdout: VALID JSON
Stderr: 
----------------------------------------------------------------------

Input: experiments/iteration_02/inputs/input_0248.json
Status: VALID
Exit code: 0
Stdout: VALID JSON
Stderr: 
----------------------------------------------------------------------

Input: experiments/iteration_02/inputs/input_0249.json
Status: VALID
Exit code: 0
Stdout: VALID JSON
Stderr: 
----------------------------------------------------------------------

Input: experiments/iteration_02/inputs/input_0250.json
Status: VALID
Exit code: 0
Stdout: VALID JSON
Stderr: 
----------------------------------------------------------------------

Input: experiments/iteration_02/inputs/input_0251.json
Status: VALID
Exit code: 0
Stdout: VALID JSON
Stderr: 
----------------------------------------------------------------------

Input: experiments/iteration_02/inputs/input_0252.json
Status: INVALID
Exit code: 0
Stdout: INVALID JSON
Stderr: 
----------------------------------------------------------------------

Input: experiments/iteration_02/inputs/input_0253.json
Status: VALID
Exit code: 0
Stdout: VALID JSON
Stderr: 
----------------------------------------------------------------------

Input: experiments/iteration_02/inputs/input_0254.json
Status: VALID
Exit code: 0
Stdout: VALID JSON
Stderr: 
----------------------------------------------------------------------

Input: experiments/iteration_02/inputs/input_0255.json
Status: VALID
Exit code: 0
Stdout: VALID JSON
Stderr: 
----------------------------------------------------------------------

Input: experiments/iteration_02/inputs/input_0256.json
Status: VALID
Exit code: 0
Stdout: VALID JSON
Stderr: 
----------------------------------------------------------------------

Input: experiments/iteration_02/inputs/input_0257.json
Status: VALID
Exit code: 0
Stdout: VALID JSON
Stderr: 
----------------------------------------------------------------------

Input: experiments/iteration_02/inputs/input_0258.json
Status: VALID
Exit code: 0
Stdout: VALID JSON
Stderr: 
----------------------------------------------------------------------

Input: experiments/iteration_02/inputs/input_0259.json
Status: VALID
Exit code: 0
Stdout: VALID JSON
Stderr: 
----------------------------------------------------------------------

Input: experiments/iteration_02/inputs/input_0260.json
Status: VALID
Exit code: 0
Stdout: VALID JSON
Stderr: 
----------------------------------------------------------------------

Input: experiments/iteration_02/inputs/input_0261.json
Status: VALID
Exit code: 0
Stdout: VALID JSON
Stderr: 
----------------------------------------------------------------------

Input: experiments/iteration_02/inputs/input_0262.json
Status: VALID
Exit code: 0
Stdout: VALID JSON
Stderr: 
----------------------------------------------------------------------

Input: experiments/iteration_02/inputs/input_0263.json
Status: VALID
Exit code: 0
Stdout: VALID JSON
Stderr: 
----------------------------------------------------------------------

Input: experiments/iteration_02/inputs/input_0264.json
Status: VALID
Exit code: 0
Stdout: VALID JSON
Stderr: 
----------------------------------------------------------------------

Input: experiments/iteration_02/inputs/input_0265.json
Status: VALID
Exit code: 0
Stdout: VALID JSON
Stderr: 
----------------------------------------------------------------------

Input: experiments/iteration_02/inputs/input_0266.json
Status: VALID
Exit code: 0
Stdout: VALID JSON
Stderr: 
----------------------------------------------------------------------

Input: experiments/iteration_02/inputs/input_0267.json
Status: VALID
Exit code: 0
Stdout: VALID JSON
Stderr: 
----------------------------------------------------------------------

Input: experiments/iteration_02/inputs/input_0268.json
Status: VALID
Exit code: 0
Stdout: VALID JSON
Stderr: 
----------------------------------------------------------------------

Input: experiments/iteration_02/inputs/input_0269.json
Status: VALID
Exit code: 0
Stdout: VALID JSON
Stderr: 
----------------------------------------------------------------------

Input: experiments/iteration_02/inputs/input_0270.json
Status: VALID
Exit code: 0
Stdout: VALID JSON
Stderr: 
----------------------------------------------------------------------

Input: experiments/iteration_02/inputs/input_0271.json
Status: VALID
Exit code: 0
Stdout: VALID JSON
Stderr: 
----------------------------------------------------------------------

Input: experiments/iteration_02/inputs/input_0272.json
Status: VALID
Exit code: 0
Stdout: VALID JSON
Stderr: 
----------------------------------------------------------------------

Input: experiments/iteration_02/inputs/input_0273.json
Status: VALID
Exit code: 0
Stdout: VALID JSON
Stderr: 
----------------------------------------------------------------------

Input: experiments/iteration_02/inputs/input_0274.json
Status: VALID
Exit code: 0
Stdout: VALID JSON
Stderr: 
----------------------------------------------------------------------

Input: experiments/iteration_02/inputs/input_0275.json
Status: VALID
Exit code: 0
Stdout: VALID JSON
Stderr: 
----------------------------------------------------------------------

Input: experiments/iteration_02/inputs/input_0276.json
Status: VALID
Exit code: 0
Stdout: VALID JSON
Stderr: 
----------------------------------------------------------------------

Input: experiments/iteration_02/inputs/input_0277.json
Status: VALID
Exit code: 0
Stdout: VALID JSON
Stderr: 
----------------------------------------------------------------------

Input: experiments/iteration_02/inputs/input_0278.json
Status: VALID
Exit code: 0
Stdout: VALID JSON
Stderr: 
----------------------------------------------------------------------

Input: experiments/iteration_02/inputs/input_0279.json
Status: VALID
Exit code: 0
Stdout: VALID JSON
Stderr: 
----------------------------------------------------------------------

Input: experiments/iteration_02/inputs/input_0280.json
Status: INVALID
Exit code: 0
Stdout: INVALID JSON
Stderr: 
----------------------------------------------------------------------

Input: experiments/iteration_02/inputs/input_0281.json
Status: VALID
Exit code: 0
Stdout: VALID JSON
Stderr: 
----------------------------------------------------------------------

Input: experiments/iteration_02/inputs/input_0282.json
Status: VALID
Exit code: 0
Stdout: VALID JSON
Stderr: 
----------------------------------------------------------------------

Input: experiments/iteration_02/inputs/input_0283.json
Status: INVALID
Exit code: 0
Stdout: INVALID JSON
Stderr: 
----------------------------------------------------------------------

Input: experiments/iteration_02/inputs/input_0284.json
Status: VALID
Exit code: 0
Stdout: VALID JSON
Stderr: 
----------------------------------------------------------------------

Input: experiments/iteration_02/inputs/input_0285.json
Status: VALID
Exit code: 0
Stdout: VALID JSON
Stderr: 
----------------------------------------------------------------------

Input: experiments/iteration_02/inputs/input_0286.json
Status: VALID
Exit code: 0
Stdout: VALID JSON
Stderr: 
----------------------------------------------------------------------

Input: experiments/iteration_02/inputs/input_0287.json
Status: INVALID
Exit code: 0
Stdout: INVALID JSON
Stderr: 
----------------------------------------------------------------------

Input: experiments/iteration_02/inputs/input_0288.json
Status: VALID
Exit code: 0
Stdout: VALID JSON
Stderr: 
----------------------------------------------------------------------

Input: experiments/iteration_02/inputs/input_0289.json
Status: VALID
Exit code: 0
Stdout: VALID JSON
Stderr: 
----------------------------------------------------------------------

Input: experiments/iteration_02/inputs/input_0290.json
Status: VALID
Exit code: 0
Stdout: VALID JSON
Stderr: 
----------------------------------------------------------------------

Input: experiments/iteration_02/inputs/input_0291.json
Status: VALID
Exit code: 0
Stdout: VALID JSON
Stderr: 
----------------------------------------------------------------------

Input: experiments/iteration_02/inputs/input_0292.json
Status: VALID
Exit code: 0
Stdout: VALID JSON
Stderr: 
----------------------------------------------------------------------

Input: experiments/iteration_02/inputs/input_0293.json
Status: VALID
Exit code: 0
Stdout: VALID JSON
Stderr: 
----------------------------------------------------------------------

Input: experiments/iteration_02/inputs/input_0294.json
Status: VALID
Exit code: 0
Stdout: VALID JSON
Stderr: 
----------------------------------------------------------------------

Input: experiments/iteration_02/inputs/input_0295.json
Status: INVALID
Exit code: 0
Stdout: INVALID JSON
Stderr: 
----------------------------------------------------------------------

Input: experiments/iteration_02/inputs/input_0296.json
Status: VALID
Exit code: 0
Stdout: VALID JSON
Stderr: 
----------------------------------------------------------------------

Input: experiments/iteration_02/inputs/input_0297.json
Status: VALID
Exit code: 0
Stdout: VALID JSON
Stderr: 
----------------------------------------------------------------------

Input: experiments/iteration_02/inputs/input_0298.json
Status: VALID
Exit code: 0
Stdout: VALID JSON
Stderr: 
----------------------------------------------------------------------

Input: experiments/iteration_02/inputs/input_0299.json
Status: VALID
Exit code: 0
Stdout: VALID JSON
Stderr: 
----------------------------------------------------------------------

Input: experiments/iteration_02/inputs/input_0300.json
Status: VALID
Exit code: 0
Stdout: VALID JSON
Stderr: 
----------------------------------------------------------------------

Input: experiments/iteration_02/inputs/input_0301.json
Status: VALID
Exit code: 0
Stdout: VALID JSON
Stderr: 
----------------------------------------------------------------------

Input: experiments/iteration_02/inputs/input_0302.json
Status: VALID
Exit code: 0
Stdout: VALID JSON
Stderr: 
----------------------------------------------------------------------

Input: experiments/iteration_02/inputs/input_0303.json
Status: VALID
Exit code: 0
Stdout: VALID JSON
Stderr: 
----------------------------------------------------------------------

Input: experiments/iteration_02/inputs/input_0304.json
Status: VALID
Exit code: 0
Stdout: VALID JSON
Stderr: 
----------------------------------------------------------------------

Input: experiments/iteration_02/inputs/input_0305.json
Status: VALID
Exit code: 0
Stdout: VALID JSON
Stderr: 
----------------------------------------------------------------------

Input: experiments/iteration_02/inputs/input_0306.json
Status: VALID
Exit code: 0
Stdout: VALID JSON
Stderr: 
----------------------------------------------------------------------

Input: experiments/iteration_02/inputs/input_0307.json
Status: VALID
Exit code: 0
Stdout: VALID JSON
Stderr: 
----------------------------------------------------------------------

Input: experiments/iteration_02/inputs/input_0308.json
Status: INVALID
Exit code: 0
Stdout: INVALID JSON
Stderr: 
----------------------------------------------------------------------

Input: experiments/iteration_02/inputs/input_0309.json
Status: VALID
Exit code: 0
Stdout: VALID JSON
Stderr: 
----------------------------------------------------------------------

Input: experiments/iteration_02/inputs/input_0310.json
Status: VALID
Exit code: 0
Stdout: VALID JSON
Stderr: 
----------------------------------------------------------------------

Input: experiments/iteration_02/inputs/input_0311.json
Status: VALID
Exit code: 0
Stdout: VALID JSON
Stderr: 
----------------------------------------------------------------------

Input: experiments/iteration_02/inputs/input_0312.json
Status: VALID
Exit code: 0
Stdout: VALID JSON
Stderr: 
----------------------------------------------------------------------

Input: experiments/iteration_02/inputs/input_0313.json
Status: VALID
Exit code: 0
Stdout: VALID JSON
Stderr: 
----------------------------------------------------------------------

Input: experiments/iteration_02/inputs/input_0314.json
Status: VALID
Exit code: 0
Stdout: VALID JSON
Stderr: 
----------------------------------------------------------------------

Input: experiments/iteration_02/inputs/input_0315.json
Status: INVALID
Exit code: 0
Stdout: INVALID JSON
Stderr: 
----------------------------------------------------------------------

Input: experiments/iteration_02/inputs/input_0316.json
Status: VALID
Exit code: 0
Stdout: VALID JSON
Stderr: 
----------------------------------------------------------------------

Input: experiments/iteration_02/inputs/input_0317.json
Status: INVALID
Exit code: 0
Stdout: INVALID JSON
Stderr: 
----------------------------------------------------------------------

Input: experiments/iteration_02/inputs/input_0318.json
Status: VALID
Exit code: 0
Stdout: VALID JSON
Stderr: 
----------------------------------------------------------------------

Input: experiments/iteration_02/inputs/input_0319.json
Status: VALID
Exit code: 0
Stdout: VALID JSON
Stderr: 
----------------------------------------------------------------------

Input: experiments/iteration_02/inputs/input_0320.json
Status: VALID
Exit code: 0
Stdout: VALID JSON
Stderr: 
----------------------------------------------------------------------

Input: experiments/iteration_02/inputs/input_0321.json
Status: VALID
Exit code: 0
Stdout: VALID JSON
Stderr: 
----------------------------------------------------------------------

Input: experiments/iteration_02/inputs/input_0322.json
Status: VALID
Exit code: 0
Stdout: VALID JSON
Stderr: 
----------------------------------------------------------------------

Input: experiments/iteration_02/inputs/input_0323.json
Status: VALID
Exit code: 0
Stdout: VALID JSON
Stderr: 
----------------------------------------------------------------------

Input: experiments/iteration_02/inputs/input_0324.json
Status: VALID
Exit code: 0
Stdout: VALID JSON
Stderr: 
----------------------------------------------------------------------

Input: experiments/iteration_02/inputs/input_0325.json
Status: VALID
Exit code: 0
Stdout: VALID JSON
Stderr: 
----------------------------------------------------------------------

Input: experiments/iteration_02/inputs/input_0326.json
Status: INVALID
Exit code: 0
Stdout: INVALID JSON
Stderr: 
----------------------------------------------------------------------

Input: experiments/iteration_02/inputs/input_0327.json
Status: VALID
Exit code: 0
Stdout: VALID JSON
Stderr: 
----------------------------------------------------------------------

Input: experiments/iteration_02/inputs/input_0328.json
Status: VALID
Exit code: 0
Stdout: VALID JSON
Stderr: 
----------------------------------------------------------------------

Input: experiments/iteration_02/inputs/input_0329.json
Status: VALID
Exit code: 0
Stdout: VALID JSON
Stderr: 
----------------------------------------------------------------------

Input: experiments/iteration_02/inputs/input_0330.json
Status: VALID
Exit code: 0
Stdout: VALID JSON
Stderr: 
----------------------------------------------------------------------

Input: experiments/iteration_02/inputs/input_0331.json
Status: VALID
Exit code: 0
Stdout: VALID JSON
Stderr: 
----------------------------------------------------------------------

Input: experiments/iteration_02/inputs/input_0332.json
Status: VALID
Exit code: 0
Stdout: VALID JSON
Stderr: 
----------------------------------------------------------------------

Input: experiments/iteration_02/inputs/input_0333.json
Status: VALID
Exit code: 0
Stdout: VALID JSON
Stderr: 
----------------------------------------------------------------------

Input: experiments/iteration_02/inputs/input_0334.json
Status: VALID
Exit code: 0
Stdout: VALID JSON
Stderr: 
----------------------------------------------------------------------

Input: experiments/iteration_02/inputs/input_0335.json
Status: VALID
Exit code: 0
Stdout: VALID JSON
Stderr: 
----------------------------------------------------------------------

Input: experiments/iteration_02/inputs/input_0336.json
Status: VALID
Exit code: 0
Stdout: VALID JSON
Stderr: 
----------------------------------------------------------------------

Input: experiments/iteration_02/inputs/input_0337.json
Status: VALID
Exit code: 0
Stdout: VALID JSON
Stderr: 
----------------------------------------------------------------------

Input: experiments/iteration_02/inputs/input_0338.json
Status: VALID
Exit code: 0
Stdout: VALID JSON
Stderr: 
----------------------------------------------------------------------

Input: experiments/iteration_02/inputs/input_0339.json
Status: VALID
Exit code: 0
Stdout: VALID JSON
Stderr: 
----------------------------------------------------------------------

Input: experiments/iteration_02/inputs/input_0340.json
Status: VALID
Exit code: 0
Stdout: VALID JSON
Stderr: 
----------------------------------------------------------------------

Input: experiments/iteration_02/inputs/input_0341.json
Status: VALID
Exit code: 0
Stdout: VALID JSON
Stderr: 
----------------------------------------------------------------------

Input: experiments/iteration_02/inputs/input_0342.json
Status: VALID
Exit code: 0
Stdout: VALID JSON
Stderr: 
----------------------------------------------------------------------

Input: experiments/iteration_02/inputs/input_0343.json
Status: VALID
Exit code: 0
Stdout: VALID JSON
Stderr: 
----------------------------------------------------------------------

Input: experiments/iteration_02/inputs/input_0344.json
Status: VALID
Exit code: 0
Stdout: VALID JSON
Stderr: 
----------------------------------------------------------------------

Input: experiments/iteration_02/inputs/input_0345.json
Status: VALID
Exit code: 0
Stdout: VALID JSON
Stderr: 
----------------------------------------------------------------------

Input: experiments/iteration_02/inputs/input_0346.json
Status: VALID
Exit code: 0
Stdout: VALID JSON
Stderr: 
----------------------------------------------------------------------

Input: experiments/iteration_02/inputs/input_0347.json
Status: VALID
Exit code: 0
Stdout: VALID JSON
Stderr: 
----------------------------------------------------------------------

Input: experiments/iteration_02/inputs/input_0348.json
Status: VALID
Exit code: 0
Stdout: VALID JSON
Stderr: 
----------------------------------------------------------------------

Input: experiments/iteration_02/inputs/input_0349.json
Status: VALID
Exit code: 0
Stdout: VALID JSON
Stderr: 
----------------------------------------------------------------------

Input: experiments/iteration_02/inputs/input_0350.json
Status: VALID
Exit code: 0
Stdout: VALID JSON
Stderr: 
----------------------------------------------------------------------

Input: experiments/iteration_02/inputs/input_0351.json
Status: VALID
Exit code: 0
Stdout: VALID JSON
Stderr: 
----------------------------------------------------------------------

Input: experiments/iteration_02/inputs/input_0352.json
Status: VALID
Exit code: 0
Stdout: VALID JSON
Stderr: 
----------------------------------------------------------------------

Input: experiments/iteration_02/inputs/input_0353.json
Status: VALID
Exit code: 0
Stdout: VALID JSON
Stderr: 
----------------------------------------------------------------------

Input: experiments/iteration_02/inputs/input_0354.json
Status: VALID
Exit code: 0
Stdout: VALID JSON
Stderr: 
----------------------------------------------------------------------

Input: experiments/iteration_02/inputs/input_0355.json
Status: VALID
Exit code: 0
Stdout: VALID JSON
Stderr: 
----------------------------------------------------------------------

Input: experiments/iteration_02/inputs/input_0356.json
Status: VALID
Exit code: 0
Stdout: VALID JSON
Stderr: 
----------------------------------------------------------------------

Input: experiments/iteration_02/inputs/input_0357.json
Status: VALID
Exit code: 0
Stdout: VALID JSON
Stderr: 
----------------------------------------------------------------------

Input: experiments/iteration_02/inputs/input_0358.json
Status: VALID
Exit code: 0
Stdout: VALID JSON
Stderr: 
----------------------------------------------------------------------

Input: experiments/iteration_02/inputs/input_0359.json
Status: VALID
Exit code: 0
Stdout: VALID JSON
Stderr: 
----------------------------------------------------------------------

Input: experiments/iteration_02/inputs/input_0360.json
Status: VALID
Exit code: 0
Stdout: VALID JSON
Stderr: 
----------------------------------------------------------------------

Input: experiments/iteration_02/inputs/input_0361.json
Status: VALID
Exit code: 0
Stdout: VALID JSON
Stderr: 
----------------------------------------------------------------------

Input: experiments/iteration_02/inputs/input_0362.json
Status: VALID
Exit code: 0
Stdout: VALID JSON
Stderr: 
----------------------------------------------------------------------

Input: experiments/iteration_02/inputs/input_0363.json
Status: VALID
Exit code: 0
Stdout: VALID JSON
Stderr: 
----------------------------------------------------------------------

Input: experiments/iteration_02/inputs/input_0364.json
Status: VALID
Exit code: 0
Stdout: VALID JSON
Stderr: 
----------------------------------------------------------------------

Input: experiments/iteration_02/inputs/input_0365.json
Status: VALID
Exit code: 0
Stdout: VALID JSON
Stderr: 
----------------------------------------------------------------------

Input: experiments/iteration_02/inputs/input_0366.json
Status: VALID
Exit code: 0
Stdout: VALID JSON
Stderr: 
----------------------------------------------------------------------

Input: experiments/iteration_02/inputs/input_0367.json
Status: VALID
Exit code: 0
Stdout: VALID JSON
Stderr: 
----------------------------------------------------------------------

Input: experiments/iteration_02/inputs/input_0368.json
Status: VALID
Exit code: 0
Stdout: VALID JSON
Stderr: 
----------------------------------------------------------------------

Input: experiments/iteration_02/inputs/input_0369.json
Status: VALID
Exit code: 0
Stdout: VALID JSON
Stderr: 
----------------------------------------------------------------------

Input: experiments/iteration_02/inputs/input_0370.json
Status: VALID
Exit code: 0
Stdout: VALID JSON
Stderr: 
----------------------------------------------------------------------

Input: experiments/iteration_02/inputs/input_0371.json
Status: VALID
Exit code: 0
Stdout: VALID JSON
Stderr: 
----------------------------------------------------------------------

Input: experiments/iteration_02/inputs/input_0372.json
Status: VALID
Exit code: 0
Stdout: VALID JSON
Stderr: 
----------------------------------------------------------------------

Input: experiments/iteration_02/inputs/input_0373.json
Status: VALID
Exit code: 0
Stdout: VALID JSON
Stderr: 
----------------------------------------------------------------------

Input: experiments/iteration_02/inputs/input_0374.json
Status: VALID
Exit code: 0
Stdout: VALID JSON
Stderr: 
----------------------------------------------------------------------

Input: experiments/iteration_02/inputs/input_0375.json
Status: VALID
Exit code: 0
Stdout: VALID JSON
Stderr: 
----------------------------------------------------------------------

Input: experiments/iteration_02/inputs/input_0376.json
Status: VALID
Exit code: 0
Stdout: VALID JSON
Stderr: 
----------------------------------------------------------------------

Input: experiments/iteration_02/inputs/input_0377.json
Status: VALID
Exit code: 0
Stdout: VALID JSON
Stderr: 
----------------------------------------------------------------------

Input: experiments/iteration_02/inputs/input_0378.json
Status: VALID
Exit code: 0
Stdout: VALID JSON
Stderr: 
----------------------------------------------------------------------

Input: experiments/iteration_02/inputs/input_0379.json
Status: VALID
Exit code: 0
Stdout: VALID JSON
Stderr: 
----------------------------------------------------------------------

Input: experiments/iteration_02/inputs/input_0380.json
Status: VALID
Exit code: 0
Stdout: VALID JSON
Stderr: 
----------------------------------------------------------------------

Input: experiments/iteration_02/inputs/input_0381.json
Status: VALID
Exit code: 0
Stdout: VALID JSON
Stderr: 
----------------------------------------------------------------------

Input: experiments/iteration_02/inputs/input_0382.json
Status: VALID
Exit code: 0
Stdout: VALID JSON
Stderr: 
----------------------------------------------------------------------

Input: experiments/iteration_02/inputs/input_0383.json
Status: VALID
Exit code: 0
Stdout: VALID JSON
Stderr: 
----------------------------------------------------------------------

Input: experiments/iteration_02/inputs/input_0384.json
Status: VALID
Exit code: 0
Stdout: VALID JSON
Stderr: 
----------------------------------------------------------------------

Input: experiments/iteration_02/inputs/input_0385.json
Status: VALID
Exit code: 0
Stdout: VALID JSON
Stderr: 
----------------------------------------------------------------------

Input: experiments/iteration_02/inputs/input_0386.json
Status: VALID
Exit code: 0
Stdout: VALID JSON
Stderr: 
----------------------------------------------------------------------

Input: experiments/iteration_02/inputs/input_0387.json
Status: VALID
Exit code: 0
Stdout: VALID JSON
Stderr: 
----------------------------------------------------------------------

Input: experiments/iteration_02/inputs/input_0388.json
Status: VALID
Exit code: 0
Stdout: VALID JSON
Stderr: 
----------------------------------------------------------------------

Input: experiments/iteration_02/inputs/input_0389.json
Status: VALID
Exit code: 0
Stdout: VALID JSON
Stderr: 
----------------------------------------------------------------------

Input: experiments/iteration_02/inputs/input_0390.json
Status: VALID
Exit code: 0
Stdout: VALID JSON
Stderr: 
----------------------------------------------------------------------

Input: experiments/iteration_02/inputs/input_0391.json
Status: VALID
Exit code: 0
Stdout: VALID JSON
Stderr: 
----------------------------------------------------------------------

Input: experiments/iteration_02/inputs/input_0392.json
Status: VALID
Exit code: 0
Stdout: VALID JSON
Stderr: 
----------------------------------------------------------------------

Input: experiments/iteration_02/inputs/input_0393.json
Status: VALID
Exit code: 0
Stdout: VALID JSON
Stderr: 
----------------------------------------------------------------------

Input: experiments/iteration_02/inputs/input_0394.json
Status: VALID
Exit code: 0
Stdout: VALID JSON
Stderr: 
----------------------------------------------------------------------

Input: experiments/iteration_02/inputs/input_0395.json
Status: VALID
Exit code: 0
Stdout: VALID JSON
Stderr: 
----------------------------------------------------------------------

Input: experiments/iteration_02/inputs/input_0396.json
Status: VALID
Exit code: 0
Stdout: VALID JSON
Stderr: 
----------------------------------------------------------------------

Input: experiments/iteration_02/inputs/input_0397.json
Status: VALID
Exit code: 0
Stdout: VALID JSON
Stderr: 
----------------------------------------------------------------------

Input: experiments/iteration_02/inputs/input_0398.json
Status: VALID
Exit code: 0
Stdout: VALID JSON
Stderr: 
----------------------------------------------------------------------

Input: experiments/iteration_02/inputs/input_0399.json
Status: VALID
Exit code: 0
Stdout: VALID JSON
Stderr: 
----------------------------------------------------------------------

Input: experiments/iteration_02/inputs/input_0400.json
Status: VALID
Exit code: 0
Stdout: VALID JSON
Stderr: 
----------------------------------------------------------------------

Input: experiments/iteration_02/inputs/input_0401.json
Status: VALID
Exit code: 0
Stdout: VALID JSON
Stderr: 
----------------------------------------------------------------------

Input: experiments/iteration_02/inputs/input_0402.json
Status: VALID
Exit code: 0
Stdout: VALID JSON
Stderr: 
----------------------------------------------------------------------

Input: experiments/iteration_02/inputs/input_0403.json
Status: VALID
Exit code: 0
Stdout: VALID JSON
Stderr: 
----------------------------------------------------------------------

Input: experiments/iteration_02/inputs/input_0404.json
Status: VALID
Exit code: 0
Stdout: VALID JSON
Stderr: 
----------------------------------------------------------------------

Input: experiments/iteration_02/inputs/input_0405.json
Status: VALID
Exit code: 0
Stdout: VALID JSON
Stderr: 
----------------------------------------------------------------------

Input: experiments/iteration_02/inputs/input_0406.json
Status: VALID
Exit code: 0
Stdout: VALID JSON
Stderr: 
----------------------------------------------------------------------

Input: experiments/iteration_02/inputs/input_0407.json
Status: INVALID
Exit code: 0
Stdout: INVALID JSON
Stderr: 
----------------------------------------------------------------------

Input: experiments/iteration_02/inputs/input_0408.json
Status: VALID
Exit code: 0
Stdout: VALID JSON
Stderr: 
----------------------------------------------------------------------

Input: experiments/iteration_02/inputs/input_0409.json
Status: VALID
Exit code: 0
Stdout: VALID JSON
Stderr: 
----------------------------------------------------------------------

Input: experiments/iteration_02/inputs/input_0410.json
Status: INVALID
Exit code: 0
Stdout: INVALID JSON
Stderr: 
----------------------------------------------------------------------

Input: experiments/iteration_02/inputs/input_0411.json
Status: VALID
Exit code: 0
Stdout: VALID JSON
Stderr: 
----------------------------------------------------------------------

Input: experiments/iteration_02/inputs/input_0412.json
Status: VALID
Exit code: 0
Stdout: VALID JSON
Stderr: 
----------------------------------------------------------------------

Input: experiments/iteration_02/inputs/input_0413.json
Status: VALID
Exit code: 0
Stdout: VALID JSON
Stderr: 
----------------------------------------------------------------------

Input: experiments/iteration_02/inputs/input_0414.json
Status: VALID
Exit code: 0
Stdout: VALID JSON
Stderr: 
----------------------------------------------------------------------

Input: experiments/iteration_02/inputs/input_0415.json
Status: INVALID
Exit code: 0
Stdout: INVALID JSON
Stderr: 
----------------------------------------------------------------------

Input: experiments/iteration_02/inputs/input_0416.json
Status: VALID
Exit code: 0
Stdout: VALID JSON
Stderr: 
----------------------------------------------------------------------

Input: experiments/iteration_02/inputs/input_0417.json
Status: INVALID
Exit code: 0
Stdout: INVALID JSON
Stderr: 
----------------------------------------------------------------------

Input: experiments/iteration_02/inputs/input_0418.json
Status: VALID
Exit code: 0
Stdout: VALID JSON
Stderr: 
----------------------------------------------------------------------

Input: experiments/iteration_02/inputs/input_0419.json
Status: VALID
Exit code: 0
Stdout: VALID JSON
Stderr: 
----------------------------------------------------------------------

Input: experiments/iteration_02/inputs/input_0420.json
Status: VALID
Exit code: 0
Stdout: VALID JSON
Stderr: 
----------------------------------------------------------------------

Input: experiments/iteration_02/inputs/input_0421.json
Status: VALID
Exit code: 0
Stdout: VALID JSON
Stderr: 
----------------------------------------------------------------------

Input: experiments/iteration_02/inputs/input_0422.json
Status: VALID
Exit code: 0
Stdout: VALID JSON
Stderr: 
----------------------------------------------------------------------

Input: experiments/iteration_02/inputs/input_0423.json
Status: VALID
Exit code: 0
Stdout: VALID JSON
Stderr: 
----------------------------------------------------------------------

Input: experiments/iteration_02/inputs/input_0424.json
Status: VALID
Exit code: 0
Stdout: VALID JSON
Stderr: 
----------------------------------------------------------------------

Input: experiments/iteration_02/inputs/input_0425.json
Status: VALID
Exit code: 0
Stdout: VALID JSON
Stderr: 
----------------------------------------------------------------------

Input: experiments/iteration_02/inputs/input_0426.json
Status: VALID
Exit code: 0
Stdout: VALID JSON
Stderr: 
----------------------------------------------------------------------

Input: experiments/iteration_02/inputs/input_0427.json
Status: VALID
Exit code: 0
Stdout: VALID JSON
Stderr: 
----------------------------------------------------------------------

Input: experiments/iteration_02/inputs/input_0428.json
Status: VALID
Exit code: 0
Stdout: VALID JSON
Stderr: 
----------------------------------------------------------------------

Input: experiments/iteration_02/inputs/input_0429.json
Status: VALID
Exit code: 0
Stdout: VALID JSON
Stderr: 
----------------------------------------------------------------------

Input: experiments/iteration_02/inputs/input_0430.json
Status: VALID
Exit code: 0
Stdout: VALID JSON
Stderr: 
----------------------------------------------------------------------

Input: experiments/iteration_02/inputs/input_0431.json
Status: VALID
Exit code: 0
Stdout: VALID JSON
Stderr: 
----------------------------------------------------------------------

Input: experiments/iteration_02/inputs/input_0432.json
Status: VALID
Exit code: 0
Stdout: VALID JSON
Stderr: 
----------------------------------------------------------------------

Input: experiments/iteration_02/inputs/input_0433.json
Status: VALID
Exit code: 0
Stdout: VALID JSON
Stderr: 
----------------------------------------------------------------------

Input: experiments/iteration_02/inputs/input_0434.json
Status: VALID
Exit code: 0
Stdout: VALID JSON
Stderr: 
----------------------------------------------------------------------

Input: experiments/iteration_02/inputs/input_0435.json
Status: VALID
Exit code: 0
Stdout: VALID JSON
Stderr: 
----------------------------------------------------------------------

Input: experiments/iteration_02/inputs/input_0436.json
Status: VALID
Exit code: 0
Stdout: VALID JSON
Stderr: 
----------------------------------------------------------------------

Input: experiments/iteration_02/inputs/input_0437.json
Status: VALID
Exit code: 0
Stdout: VALID JSON
Stderr: 
----------------------------------------------------------------------

Input: experiments/iteration_02/inputs/input_0438.json
Status: VALID
Exit code: 0
Stdout: VALID JSON
Stderr: 
----------------------------------------------------------------------

Input: experiments/iteration_02/inputs/input_0439.json
Status: VALID
Exit code: 0
Stdout: VALID JSON
Stderr: 
----------------------------------------------------------------------

Input: experiments/iteration_02/inputs/input_0440.json
Status: VALID
Exit code: 0
Stdout: VALID JSON
Stderr: 
----------------------------------------------------------------------

Input: experiments/iteration_02/inputs/input_0441.json
Status: VALID
Exit code: 0
Stdout: VALID JSON
Stderr: 
----------------------------------------------------------------------

Input: experiments/iteration_02/inputs/input_0442.json
Status: VALID
Exit code: 0
Stdout: VALID JSON
Stderr: 
----------------------------------------------------------------------

Input: experiments/iteration_02/inputs/input_0443.json
Status: VALID
Exit code: 0
Stdout: VALID JSON
Stderr: 
----------------------------------------------------------------------

Input: experiments/iteration_02/inputs/input_0444.json
Status: VALID
Exit code: 0
Stdout: VALID JSON
Stderr: 
----------------------------------------------------------------------

Input: experiments/iteration_02/inputs/input_0445.json
Status: VALID
Exit code: 0
Stdout: VALID JSON
Stderr: 
----------------------------------------------------------------------

Input: experiments/iteration_02/inputs/input_0446.json
Status: VALID
Exit code: 0
Stdout: VALID JSON
Stderr: 
----------------------------------------------------------------------

Input: experiments/iteration_02/inputs/input_0447.json
Status: VALID
Exit code: 0
Stdout: VALID JSON
Stderr: 
----------------------------------------------------------------------

Input: experiments/iteration_02/inputs/input_0448.json
Status: VALID
Exit code: 0
Stdout: VALID JSON
Stderr: 
----------------------------------------------------------------------

Input: experiments/iteration_02/inputs/input_0449.json
Status: VALID
Exit code: 0
Stdout: VALID JSON
Stderr: 
----------------------------------------------------------------------

Input: experiments/iteration_02/inputs/input_0450.json
Status: VALID
Exit code: 0
Stdout: VALID JSON
Stderr: 
----------------------------------------------------------------------

Input: experiments/iteration_02/inputs/input_0451.json
Status: VALID
Exit code: 0
Stdout: VALID JSON
Stderr: 
----------------------------------------------------------------------

Input: experiments/iteration_02/inputs/input_0452.json
Status: VALID
Exit code: 0
Stdout: VALID JSON
Stderr: 
----------------------------------------------------------------------

Input: experiments/iteration_02/inputs/input_0453.json
Status: VALID
Exit code: 0
Stdout: VALID JSON
Stderr: 
----------------------------------------------------------------------

Input: experiments/iteration_02/inputs/input_0454.json
Status: VALID
Exit code: 0
Stdout: VALID JSON
Stderr: 
----------------------------------------------------------------------

Input: experiments/iteration_02/inputs/input_0455.json
Status: VALID
Exit code: 0
Stdout: VALID JSON
Stderr: 
----------------------------------------------------------------------

Input: experiments/iteration_02/inputs/input_0456.json
Status: VALID
Exit code: 0
Stdout: VALID JSON
Stderr: 
----------------------------------------------------------------------

Input: experiments/iteration_02/inputs/input_0457.json
Status: INVALID
Exit code: 0
Stdout: INVALID JSON
Stderr: 
----------------------------------------------------------------------

Input: experiments/iteration_02/inputs/input_0458.json
Status: VALID
Exit code: 0
Stdout: VALID JSON
Stderr: 
----------------------------------------------------------------------

Input: experiments/iteration_02/inputs/input_0459.json
Status: VALID
Exit code: 0
Stdout: VALID JSON
Stderr: 
----------------------------------------------------------------------

Input: experiments/iteration_02/inputs/input_0460.json
Status: VALID
Exit code: 0
Stdout: VALID JSON
Stderr: 
----------------------------------------------------------------------

Input: experiments/iteration_02/inputs/input_0461.json
Status: VALID
Exit code: 0
Stdout: VALID JSON
Stderr: 
----------------------------------------------------------------------

Input: experiments/iteration_02/inputs/input_0462.json
Status: VALID
Exit code: 0
Stdout: VALID JSON
Stderr: 
----------------------------------------------------------------------

Input: experiments/iteration_02/inputs/input_0463.json
Status: VALID
Exit code: 0
Stdout: VALID JSON
Stderr: 
----------------------------------------------------------------------

Input: experiments/iteration_02/inputs/input_0464.json
Status: VALID
Exit code: 0
Stdout: VALID JSON
Stderr: 
----------------------------------------------------------------------

Input: experiments/iteration_02/inputs/input_0465.json
Status: VALID
Exit code: 0
Stdout: VALID JSON
Stderr: 
----------------------------------------------------------------------

Input: experiments/iteration_02/inputs/input_0466.json
Status: VALID
Exit code: 0
Stdout: VALID JSON
Stderr: 
----------------------------------------------------------------------

Input: experiments/iteration_02/inputs/input_0467.json
Status: VALID
Exit code: 0
Stdout: VALID JSON
Stderr: 
----------------------------------------------------------------------

Input: experiments/iteration_02/inputs/input_0468.json
Status: VALID
Exit code: 0
Stdout: VALID JSON
Stderr: 
----------------------------------------------------------------------

Input: experiments/iteration_02/inputs/input_0469.json
Status: VALID
Exit code: 0
Stdout: VALID JSON
Stderr: 
----------------------------------------------------------------------

Input: experiments/iteration_02/inputs/input_0470.json
Status: VALID
Exit code: 0
Stdout: VALID JSON
Stderr: 
----------------------------------------------------------------------

Input: experiments/iteration_02/inputs/input_0471.json
Status: VALID
Exit code: 0
Stdout: VALID JSON
Stderr: 
----------------------------------------------------------------------

Input: experiments/iteration_02/inputs/input_0472.json
Status: VALID
Exit code: 0
Stdout: VALID JSON
Stderr: 
----------------------------------------------------------------------

Input: experiments/iteration_02/inputs/input_0473.json
Status: VALID
Exit code: 0
Stdout: VALID JSON
Stderr: 
----------------------------------------------------------------------

Input: experiments/iteration_02/inputs/input_0474.json
Status: VALID
Exit code: 0
Stdout: VALID JSON
Stderr: 
----------------------------------------------------------------------

Input: experiments/iteration_02/inputs/input_0475.json
Status: VALID
Exit code: 0
Stdout: VALID JSON
Stderr: 
----------------------------------------------------------------------

Input: experiments/iteration_02/inputs/input_0476.json
Status: VALID
Exit code: 0
Stdout: VALID JSON
Stderr: 
----------------------------------------------------------------------

Input: experiments/iteration_02/inputs/input_0477.json
Status: VALID
Exit code: 0
Stdout: VALID JSON
Stderr: 
----------------------------------------------------------------------

Input: experiments/iteration_02/inputs/input_0478.json
Status: VALID
Exit code: 0
Stdout: VALID JSON
Stderr: 
----------------------------------------------------------------------

Input: experiments/iteration_02/inputs/input_0479.json
Status: VALID
Exit code: 0
Stdout: VALID JSON
Stderr: 
----------------------------------------------------------------------

Input: experiments/iteration_02/inputs/input_0480.json
Status: VALID
Exit code: 0
Stdout: VALID JSON
Stderr: 
----------------------------------------------------------------------

Input: experiments/iteration_02/inputs/input_0481.json
Status: VALID
Exit code: 0
Stdout: VALID JSON
Stderr: 
----------------------------------------------------------------------

Input: experiments/iteration_02/inputs/input_0482.json
Status: VALID
Exit code: 0
Stdout: VALID JSON
Stderr: 
----------------------------------------------------------------------

Input: experiments/iteration_02/inputs/input_0483.json
Status: VALID
Exit code: 0
Stdout: VALID JSON
Stderr: 
----------------------------------------------------------------------

Input: experiments/iteration_02/inputs/input_0484.json
Status: VALID
Exit code: 0
Stdout: VALID JSON
Stderr: 
----------------------------------------------------------------------

Input: experiments/iteration_02/inputs/input_0485.json
Status: INVALID
Exit code: 0
Stdout: INVALID JSON
Stderr: 
----------------------------------------------------------------------

Input: experiments/iteration_02/inputs/input_0486.json
Status: VALID
Exit code: 0
Stdout: VALID JSON
Stderr: 
----------------------------------------------------------------------

Input: experiments/iteration_02/inputs/input_0487.json
Status: VALID
Exit code: 0
Stdout: VALID JSON
Stderr: 
----------------------------------------------------------------------

Input: experiments/iteration_02/inputs/input_0488.json
Status: VALID
Exit code: 0
Stdout: VALID JSON
Stderr: 
----------------------------------------------------------------------

Input: experiments/iteration_02/inputs/input_0489.json
Status: VALID
Exit code: 0
Stdout: VALID JSON
Stderr: 
----------------------------------------------------------------------

Input: experiments/iteration_02/inputs/input_0490.json
Status: VALID
Exit code: 0
Stdout: VALID JSON
Stderr: 
----------------------------------------------------------------------

Input: experiments/iteration_02/inputs/input_0491.json
Status: VALID
Exit code: 0
Stdout: VALID JSON
Stderr: 
----------------------------------------------------------------------

Input: experiments/iteration_02/inputs/input_0492.json
Status: VALID
Exit code: 0
Stdout: VALID JSON
Stderr: 
----------------------------------------------------------------------

Input: experiments/iteration_02/inputs/input_0493.json
Status: VALID
Exit code: 0
Stdout: VALID JSON
Stderr: 
----------------------------------------------------------------------

Input: experiments/iteration_02/inputs/input_0494.json
Status: VALID
Exit code: 0
Stdout: VALID JSON
Stderr: 
----------------------------------------------------------------------

Input: experiments/iteration_02/inputs/input_0495.json
Status: VALID
Exit code: 0
Stdout: VALID JSON
Stderr: 
----------------------------------------------------------------------

Input: experiments/iteration_02/inputs/input_0496.json
Status: VALID
Exit code: 0
Stdout: VALID JSON
Stderr: 
----------------------------------------------------------------------

Input: experiments/iteration_02/inputs/input_0497.json
Status: INVALID
Exit code: 0
Stdout: INVALID JSON
Stderr: 
----------------------------------------------------------------------

Input: experiments/iteration_02/inputs/input_0498.json
Status: VALID
Exit code: 0
Stdout: VALID JSON
Stderr: 
----------------------------------------------------------------------

Input: experiments/iteration_02/inputs/input_0499.json
Status: VALID
Exit code: 0
Stdout: VALID JSON
Stderr: 
----------------------------------------------------------------------

Input: experiments/iteration_02/inputs/input_0500.json
Status: VALID
Exit code: 0
Stdout: VALID JSON
Stderr: 
----------------------------------------------------------------------
